2026-03-02 09:48:43,472 - INFO - Application started
2026-03-02 09:48:43,476 - INFO - CSV loaded successfully
2026-03-02 09:48:43,480 - INFO - Data cleaned successfully
2026-03-02 09:48:43,490 - INFO - Data inserted into database
2026-03-02 09:48:43,491 - INFO - Data fetched from database
2026-03-02 09:49:20,378 - INFO - Application started
2026-03-02 09:49:20,382 - INFO - CSV loaded successfully
2026-03-02 09:49:20,385 - INFO - Data cleaned successfully
2026-03-02 09:49:20,398 - INFO - Data inserted into database
2026-03-02 09:49:20,398 - INFO - Data fetched from database
2026-03-02 09:49:41,877 - INFO - Application started
2026-03-02 09:49:41,881 - INFO - CSV loaded successfully
2026-03-02 09:49:41,884 - INFO - Data cleaned successfully
2026-03-02 09:49:41,895 - INFO - Data inserted into database
2026-03-02 09:49:41,896 - INFO - Data fetched from database
2026-03-02 10:07:18,834 - INFO - Application started
2026-03-02 10:07:25,080 - INFO - CSV loaded successfully
2026-03-02 10:07:34,434 - INFO - Data cleaned successfully
2026-03-02 10:07:48,664 - INFO - Data inserted into database
2026-03-02 10:07:48,664 - INFO - Data fetched from database
2026-03-10 13:34:11,990 - INFO - Application started
2026-03-10 13:34:11,995 - INFO - CSV loaded successfully
2026-03-10 13:34:12,005 - INFO - Data cleaned successfully
2026-03-10 13:34:12,019 - INFO - Data inserted into database
2026-03-10 13:34:12,019 - INFO - Data fetched from database
